// Jest Snapshot v1, https://goo.gl/fbAQLP

exports[`Signin/SignUp Component  Regression test => Should match snapshot 1`] = `
<main
  className="SignIn-main-1"
>
  <div
    className="MuiPaper-root-6 MuiPaper-elevation2-10 MuiPaper-rounded-7 SignIn-paper-2"
  >
    <div
      className="MuiAvatar-root-33 MuiAvatar-colorDefault-34 SignIn-avatar-3"
    >
      <svg
        aria-hidden="true"
        className="MuiSvgIcon-root-36"
        color={undefined}
        focusable="false"
        role="presentation"
        viewBox="0 0 24 24"
      >
        <g
          fill="none"
        >
          <path
            d="M0 0h24v24H0V0z"
          />
          <path
            d="M0 0h24v24H0V0z"
            opacity=".87"
          />
        </g>
        <path
          d="M18 8h-1V6c0-2.76-2.24-5-5-5S7 3.24 7 6v2H6c-1.1 0-2 .9-2 2v10c0 1.1.9 2 2 2h12c1.1 0 2-.9 2-2V10c0-1.1-.9-2-2-2zM9 6c0-1.66 1.34-3 3-3s3 1.34 3 3v2H9V6zm9 14H6V10h12v10zm-6-3c1.1 0 2-.9 2-2s-.9-2-2-2-2 .9-2 2 .9 2 2 2z"
        />
      </svg>
    </div>
    <p
      id="errorMsg"
    >
      
    </p>
    <h1
      className="MuiTypography-root-45 MuiTypography-h5-61"
    >
      Log In
    </h1>
    <div
      className="SignIn-form-4"
    >
      <div
        className="MuiFormControl-root-81 MuiFormControl-marginNormal-82 MuiFormControl-fullWidth-84"
      >
        <label
          className="MuiFormLabel-root-96 MuiFormLabel-required-101 MuiInputLabel-required-89 MuiInputLabel-root-85 MuiInputLabel-formControl-90 MuiInputLabel-animated-93"
          data-shrink={false}
          htmlFor="email"
        >
          Email Address
          <span
            className="MuiFormLabel-asterisk-102"
          >
             *
          </span>
        </label>
        <div
          className="MuiInputBase-root-116 MuiInput-root-103 MuiInput-underline-107 MuiInputBase-formControl-117 MuiInput-formControl-104"
          onClick={[Function]}
        >
          <input
            aria-describedby={undefined}
            aria-invalid={false}
            autoComplete="email"
            autoFocus={true}
            className="MuiInputBase-input-126 MuiInput-input-111 MuiInputBase-inputType-129 MuiInput-inputType-114"
            defaultValue={undefined}
            disabled={false}
            id="email"
            name="email"
            onBlur={[Function]}
            onChange={[Function]}
            onFocus={[Function]}
            onKeyDown={undefined}
            onKeyUp={undefined}
            placeholder={undefined}
            readOnly={undefined}
            required={true}
            rows={undefined}
            type="email"
            value=""
          />
        </div>
      </div>
      <div
        className="MuiFormControl-root-81 MuiFormControl-marginNormal-82 MuiFormControl-fullWidth-84"
      >
        <label
          className="MuiFormLabel-root-96 MuiFormLabel-required-101 MuiInputLabel-required-89 MuiInputLabel-root-85 MuiInputLabel-formControl-90 MuiInputLabel-animated-93"
          data-shrink={false}
          htmlFor="password"
        >
          Password
          <span
            className="MuiFormLabel-asterisk-102"
          >
             *
          </span>
        </label>
        <div
          className="MuiInputBase-root-116 MuiInput-root-103 MuiInput-underline-107 MuiInputBase-formControl-117 MuiInput-formControl-104"
          onClick={[Function]}
        >
          <input
            aria-describedby={undefined}
            aria-invalid={false}
            autoComplete="current-password"
            autoFocus={undefined}
            className="MuiInputBase-input-126 MuiInput-input-111 MuiInputBase-inputType-129 MuiInput-inputType-114"
            defaultValue={undefined}
            disabled={false}
            id="password"
            name="password"
            onBlur={[Function]}
            onChange={[Function]}
            onFocus={[Function]}
            onKeyDown={undefined}
            onKeyUp={undefined}
            placeholder={undefined}
            readOnly={undefined}
            required={true}
            rows={undefined}
            type="password"
            value=""
          />
        </div>
      </div>
      <label
        className="MuiFormControlLabel-root-133"
      >
        <span
          className="MuiButtonBase-root-155 MuiIconButton-root-149 MuiPrivateSwitchBase-root-145 MuiCheckbox-root-139 MuiCheckbox-colorPrimary-143"
          onBlur={[Function]}
          onContextMenu={[Function]}
          onFocus={[Function]}
          onKeyDown={[Function]}
          onKeyUp={[Function]}
          onMouseDown={[Function]}
          onMouseLeave={[Function]}
          onMouseUp={[Function]}
          onTouchEnd={[Function]}
          onTouchMove={[Function]}
          onTouchStart={[Function]}
          role={undefined}
          tabIndex={null}
        >
          <span
            className="MuiIconButton-label-154"
          >
            <svg
              aria-hidden="true"
              className="MuiSvgIcon-root-36"
              color={undefined}
              focusable="false"
              role="presentation"
              viewBox="0 0 24 24"
            >
              <path
                d="M19 5v14H5V5h14m0-2H5c-1.1 0-2 .9-2 2v14c0 1.1.9 2 2 2h14c1.1 0 2-.9 2-2V5c0-1.1-.9-2-2-2z"
              />
            </svg>
            <input
              autoFocus={undefined}
              checked={undefined}
              className="MuiPrivateSwitchBase-input-148"
              data-indeterminate={false}
              defaultChecked={undefined}
              disabled={undefined}
              id={undefined}
              name={undefined}
              onChange={[Function]}
              readOnly={undefined}
              required={undefined}
              tabIndex={undefined}
              type="checkbox"
              value="remember"
            />
          </span>
          <span
            className="MuiTouchRipple-root-184"
          />
        </span>
        <span
          className="MuiTypography-root-45 MuiTypography-body1-54 MuiFormControlLabel-label-138"
        >
          Remember me
        </span>
      </label>
      <p
        id="acct-auth"
        onClick={[Function]}
        style={
          Object {
            "cursor": "pointer",
          }
        }
      >
        Don't have an account? create one
      </p>
      <div
        className="mutation-button"
      >
        <button
          className="MuiButtonBase-root-155 MuiButton-root-158 MuiButton-contained-169 MuiButton-containedPrimary-170 MuiButton-raised-172 MuiButton-raisedPrimary-173 MuiButton-fullWidth-183 SignIn-submit-5"
          disabled={false}
          onBlur={[Function]}
          onClick={[Function]}
          onContextMenu={[Function]}
          onFocus={[Function]}
          onKeyDown={[Function]}
          onKeyUp={[Function]}
          onMouseDown={[Function]}
          onMouseLeave={[Function]}
          onMouseUp={[Function]}
          onTouchEnd={[Function]}
          onTouchMove={[Function]}
          onTouchStart={[Function]}
          tabIndex="0"
          type="submit"
        >
          <span
            className="MuiButton-label-159"
          >
            Log in
          </span>
          <span
            className="MuiTouchRipple-root-184"
          />
        </button>
      </div>
    </div>
  </div>
</main>
`;
